
                    Monthly report
Date           Start time   End time     Hours worked
*******************************************************
20260105       07:30        11:50        4.33
               12:20        16:00        3.67
                                         08.00
20260106       07:30        11:50        4.33
               12:20        16:00        3.67
                                         08.00
20260112       07:30        11:50        4.33
               12:20        16:00        3.67
                                         08.00
20260113       07:30        11:50        4.33
               12:20        16:00        3.67
                                         08.00
20260114       07:30        11:50        4.33
               12:20        16:00        3.67
                                         08.00
20260115       07:30        11:50        4.33
               12:20        16:00        3.67
                                         08.00
20260119       07:30        11:50        4.33
               12:20        16:00        3.67
                                         08.00
20260120       07:30        11:50        4.33
               12:20        16:00        3.67
                                         08.00
20260121       07:30        11:50        4.33
               12:20        16:00        3.67
                                         08.00
20260122       07:30        11:50        4.33
               12:20        16:00        3.67
                                         08.00
20260123       08:00        11:50        3.83
               12:20        14:00        1.67
                                         05.50
*******************************************************
               Total: 085.50     Days: 11
