
                    Monthly report
Date           Start time   End time     Hours worked
*******************************************************
20260126       07:30        11:50        4.33
               12:20        16:00        3.67
                                         08.00
20260127       07:30        11:50        4.33
               12:20        16:00        3.67
                                         08.00
20260128       07:30        11:50        4.33
               12:20        16:00        3.67
                                         08.00
20260129       07:30        11:50        4.33
               12:20        16:00        3.67
                                         08.00
20260130       08:00        12:02        4.03
               12:32        14:00        1.47
                                         05.50
20260202       07:30        11:50        4.33
               12:20        14:00        1.67
                                         06.00
20260203       07:30        11:50        4.33
               12:20        16:00        3.67
                                         08.00
20260204       07:30        11:50        4.33
               12:20        16:00        3.67
                                         08.00
20260205       07:30        11:50        4.33
               12:20        16:00        3.67
                                         08.00
20260206       08:00        11:50        3.83
               12:20        14:00        1.67
                                         05.50
20260209       07:30        11:50        4.33
               12:20        16:00        3.67
                                         08.00
20260210       07:30        11:50        4.33
               12:20        16:00        3.67
                                         08.00
20260211       07:30        11:50        4.33
               12:20        16:00        3.67
                                         08.00
20260212       07:30        11:50        4.33
               12:20        16:00        3.67
                                         08.00
20260213       08:00        11:50        3.83
               12:20        14:00        1.67
                                         05.50
20260216       07:30        11:50        4.33
               12:20        16:00        3.67
                                         08.00
20260217       07:30        11:50        4.33
               12:20        16:00        3.67
                                         08.00
20260218       07:30        11:50        4.33
               12:20        16:00        3.67
                                         08.00
20260219       07:30        11:50        4.33
               12:20        16:00        3.67
                                         08.00
20260223       07:30        11:50        4.33
               12:20        16:00        3.67
                                         08.00
20260224       07:30        12:00        4.50
                                         04.50
20260225       07:30        11:50        4.33
               12:20        16:00        3.67
                                         08.00
*******************************************************
               Total: 163.00     Days: 22
