
                    Monthly report
Date           Start time   End time     Hours worked
*******************************************************
20250926       07:00        12:17        5.28
               12:47        16:00        3.22
                                         08.50
20250929       07:30        11:50        4.33
               12:20        16:00        3.67
                                         08.00
20250930       07:30        11:50        4.33
               12:20        16:00        3.67
                                         08.00
20251001       07:30        11:50        4.33
               12:20        16:00        3.67
                                         08.00
20251002       07:30        11:50        4.33
               12:20        16:00        3.67
                                         08.00
20251003       08:00        11:50        3.83
               12:20        14:00        1.67
                                         05.50
20251006       07:30        11:50        4.33
               12:20        16:00        3.67
                                         08.00
20251007       07:30        11:50        4.33
               12:20        16:00        3.67
                                         08.00
20251008       07:30        11:50        4.33
               12:20        16:00        3.67
                                         08.00
20251009       07:30        11:50        4.33
               12:20        16:00        3.67
                                         08.00
20251010       08:00        11:50        3.83
               12:20        14:00        1.67
                                         05.50
20251013       07:30        11:50        4.33
               12:20        16:00        3.67
                                         08.00
20251014       07:30        11:50        4.33
               12:20        16:00        3.67
                                         08.00
20251015       07:30        11:50        4.33
               12:20        16:00        3.67
                                         08.00
20251016       07:30        11:50        4.33
               12:20        16:00        3.67
                                         08.00
20251017       08:00        11:50        3.83
               12:20        14:00        1.67
                                         05.50
20251020       07:30        11:50        4.33
               12:20        16:00        3.67
                                         08.00
20251021       07:30        11:50        4.33
               12:20        16:00        3.67
                                         08.00
20251022       07:30        11:50        4.33
               12:20        16:00        3.67
                                         08.00
20251023       07:30        11:50        4.33
               12:20        16:00        3.67
                                         08.00
20251024       08:00        11:50        3.83
               12:20        14:00        1.67
                                         05.50
*******************************************************
               Total: 158.50     Days: 21
